ce est tout à fait compréhensible . ||| it is quite understandable . ||| 0-0 1-1 5-2 5-3 6-4
