0 ||| CB ||| Inv=1 F4=1 ||| 101
0 ||| BC ||| Mono=1 F3=0.4 ||| 6
0 ||| B C ||| Mono=1 F1=1 OtherFeat=1 F2=0.2 ||| 3
0 ||| C B ||| Inv=1 F2=0.2 F1=1 OtherFeat=1 ||| 2
