0	**OBJ**=3.05441;RewriteXY=(-)-2.0907 Top=(-)-inf SomeFeat=-0.840281 F1=-1.96646 F2=-2.82869 F3=(-)-2.14693 F4=-2.23785 F5=-2.51189 F6=(-)-1.35609 F7=(-)-3.79473 F8=-2.12996 F9=(-)-0.60656 F10=-0.74837 F11=-4.03796 F12=(-)-1.55837 F13=-4.11699
