澳洲 是 与 北韩 有 邦交 的 少数 国家 之一 。 ||| australia is one of the few countries that has diplomatic relations with north korea . ||| 0-0 1-1 2-11 3-12 3-13 4-7 4-8 5-9 5-10 6-4 7-5 8-6 9-2 9-3 10-14
